Script started on Wed 20 Jan 2021 02:59:22 PM CST
[?1034hbash-4.2$ ls
simple.c  simpleCode.script  systemInfo.script
bash-4.2$ gcc -g -lm -o simple simple.c
bash-4.2$ ls
simple	simple.c  simpleCode.script  systemInfo.script
bash-4.2$ man ldd
[?1049h[?1h=LDD(1)                       Linux Programmer's Manual                       LDD(1)[m
[m
[1mNAME[0m[m
       ldd - print shared library dependencies[m
[m
[1mSYNOPSIS[0m[m
       [1mldd[0m [OPTION]... FILE...[m
[m
[1mDESCRIPTION[0m[m
       [1mldd[0m  prints  the shared libraries required by each program or shared library[m
       specified on the command line.[m
[m
   [1mSecurity[0m[m
       In the usual case, [1mldd[0m invokes the standard dynamic  linker  (see  [1mld.so[0m(8))[m
       with the [1mLD_TRACE_LOADED_OBJECTS[0m environment variable set to 1, which causes[m
       the linker to display the library dependencies.  Be aware, however, that  in[m
       some  circumstances,  some  versions of [1mldd[0m may attempt to obtain the depen‐[m
       dency information by directly executing the program.  Thus, you should [4mnever[24m[m
       employ  [1mldd[0m  on an untrusted executable, since this may result in the execu‐[m
       tion of arbitrary code.  A safer alternative  when  dealing  with  untrusted[m
       executables is:[m
[m
           $ objdump -p /path/to/program | grep NEEDED[m
[7m Manual page ldd(1) line 1 (press h for help or q to quit)[27m[K[K[?1l>[?1049lbash-4.2$ ldd simple
	linux-vdso.so.1 =>  (0x00007ffdc1fce000)
	libm.so.6 => /lib64/libm.so.6 (0x00007f9241a51000)
	libc.so.6 => /lib64/libc.so.6 (0x00007f9241683000)
	/lib64/ld-linux-x86-64.so.2 (0x00007f9241d53000)
bash-4.2$ touch  .gdbini[1P.gdbini[C[1P.gdbini .gdbini[C[C[C[C[C[C[C
bash-4.2$ ls
simple	simple.c  simpleCode.script  systemInfo.script
bash-4.2$ vim .d[Kgdcini
[?1049h[?1h=[2;1H▽[6n[2;1H  [1;1H]11;?[1;24r[?12;25h[?12l[?25h[27m[m[H[2J[?25l[24;1H".gdcini" [New File][>c[2;1H[94m~                                                                                     [3;1H~                                                                                     [4;1H~                                                                                     [5;1H~                                                                                     [6;1H~                                                                                     [7;1H~                                                                                     [8;1H~                                                                                     [9;1H~                                                                                     [10;1H~                                                                                     [11;1H~                                                                                     [12;1H~                                                                                     [13;1H~                                                                                     [14;1H~                                                                                     [15;1H~                                                                                     [16;1H~                                                                                     [17;1H~                                                                                     [18;1H~                                                                                     [19;1H~                                                                                     [20;1H~                                                                                     [21;1H~                                                                                     [22;1H~                                                                                     [23;1H~                                                                                     [m[24;69H0,0-1[9CAll[1;1H[?12l[?25h[27m[m[H[2J[?25l[2;1H[94m~                                                                                     [3;1H~                                                                                     [4;1H~                                                                                     [5;1H~                                                                                     [6;1H~                                                                                     [7;1H~                                                                                     [8;1H~                                                                                     [9;1H~                                                                                     [10;1H~                                                                                     [11;1H~                                                                                     [12;1H~                                                                                     [13;1H~                                                                                     [14;1H~                                                                                     [15;1H~                                                                                     [16;1H~                                                                                     [17;1H~                                                                                     [18;1H~                                                                                     [19;1H~                                                                                     [20;1H~                                                                                     [21;1H~                                                                                     [22;1H~                                                                                     [23;1H~                                                                                     [m[24;69H0,0-1[9CAll".gdcini" [New File][1;1H[?12l[?25h[?25l[24;1H[1m-- INSERT --[m[24;13H[K[24;69H0,1[11CAll[1;1Himple break main break sqrt info registers[24;69H1,44[1;44H[?12l[?25h[?25l[24;72H3[1;43H[?12l[?25h[?25l[24;72H2[1;42H[?12l[?25h[?25l[24;72H1[1;41H[?12l[?25h[?25l[24;72H0[1;40H[?12l[?25h[?25l[24;71H39[1;39H[?12l[?25h[?25l[24;72H8[1;38H[?12l[?25h[?25l[24;72H7[1;37H[?12l[?25h[?25l[24;72H6[1;36H[?12l[?25h[?25l[24;72H5[1;35H[?12l[?25h[?25l[24;72H4[1;34H[?12l[?25h[?25l[24;72H3[1;33H[?12l[?25h[?25l[24;72H2[1;32H[?12l[?25h[?25l[24;72H1[1;31H[?12l[?25h[?25l[24;72H0[1;30H[?12l[?25h[?25l[24;71H29[1;29H[?12l[?25h[?25l[24;72H8[1;28H[?12l[?25h[?25l[24;72H7[1;27H[?12l[?25h[?25l[24;72H6[1;26H[?12l[?25h[?25l[24;72H5[1;25H[?12l[?25h[?25l[24;72H4[1;24H[?12l[?25h[?25l[24;72H3[1;23H[?12l[?25h[?25l[24;72H2[1;22H[?12l[?25h[?25l[24;72H1[1;21H[?12l[?25h[?25l[24;72H0[1;20H[?12l[?25h[?25l[24;71H19[1;19H[?12l[?25h[?25l[24;72H8[1;18H[?12l[?25h[?25l[24;72H7[1;17H[?12l[?25h[?25l[24;72H6[1;16H[?12l[?25h[?25l[24;72H5[1;15H[?12l[?25h[?25l[24;72H4[1;14H[?12l[?25h[?25l[24;72H3[1;13H[?12l[?25h[?25l[24;72H2[1;12H[?12l[?25h[?25l[24;72H3[1;13H[?12l[?25h[?25l[1;13H[K[2;1Hmain break sqrt info registers [2;32H[K[24;69H2,1 [2;1H[?12l[?25h[?25l[24;71H2[2;2H[?12l[?25h[?25l[24;71H3[2;3H[?12l[?25h[?25l[24;71H4[2;4H[?12l[?25h[?25l[24;71H5[2;5H[?12l[?25h[?25l[24;71H6[2;6H[?12l[?25h[?25l[24;71H7[2;7H[?12l[?25h[?25l[24;71H8[2;8H[?12l[?25h[?25l[24;71H9[2;9H[?12l[?25h[?25l[24;71H10[2;10H[?12l[?25h[?25l[24;72H1[2;11H[?12l[?25h[?25l[24;72H2[2;12H[?12l[?25h[?25l[24;72H3[2;13H[?12l[?25h[?25l[24;72H2[2;12H[?12l[?25h[?25l[2;12H[K[3;1Hsqrt info registers [3;21H[K[24;69H3,1 [3;1H[?12l[?25h[?25l[24;71H2[3;2H[?12l[?25h[?25l[24;71H3[3;3H[?12l[?25h[?25l[24;71H4[3;4H[?12l[?25h[?25l[24;71H5[3;5H[?12l[?25h[?25l[24;71H6[3;6H[?12l[?25h[?25l[24;71H7[3;7H[?12l[?25h[?25l[24;71H8[3;8H[?12l[?25h[?25l[24;71H9[3;9H[?12l[?25h[?25l[24;71H10[3;10H[?12l[?25h[?25l[24;72H1[3;11H[?12l[?25h[?25l[3;11H[K[4;1Hregisters [4;11H[K[24;69H4,1 [4;1H[?12l[?25h[?25l'registers[24;71H2[4;2H[?12l[?25h[?25lregisters [24;71H1[4;1H[?12l[?25h[?25l:registers[24;71H2[4;2H[?12l[?25h[?25lwregisters[24;71H3[4;3H[?12l[?25h[?25l[4;3H[K[5;1Hregisters [5;11H[K[24;69H5,1[5;1H[?12l[?25h[24;1H[K[5;1H[?25l[24;69H5,1[11CAll[5;1H[?12l[?25h[?25l[24;69H[K[24;1H:[?12l[?25hq[?25l[?12l[?25h[?25l[97m[41mE37: No write since last change (add ! to override)[m[17C5,1[11CAll[5;1H[?12l[?25h[?25l[24;1H[K[24;1H:[?12l[?25hw[?25l[?12l[?25h[?25l".gdcini" [New] 5L, 50C written[37C5,1[11CAll[24;69H[K[24;69H5,1[11CAll[5;1H[?12l[?25h[?25l[24;1H[K[24;1H:[?12l[?25hq[?25l[?12l[?25h[?25l[24;1H[K[24;1H[?1l>[?12l[?25h[?1049lbash-4.2$ rm .gdcini
bash-4.2$ rm .gdbini
bash-4.2$ touch .gdbinit
bash-4.2$ vim .gdbinit
[?1049h[?1h=[2;1H▽[6n[2;1H  [1;1H]11;?[1;24r[?12;25h[?12l[?25h[27m[m[H[2J[?25l[24;1H".gdbinit" 0L, 0C[>c[2;1H[94m~                                                                                     [3;1H~                                                                                     [4;1H~                                                                                     [5;1H~                                                                                     [6;1H~                                                                                     [7;1H~                                                                                     [8;1H~                                                                                     [9;1H~                                                                                     [10;1H~                                                                                     [11;1H~                                                                                     [12;1H~                                                                                     [13;1H~                                                                                     [14;1H~                                                                                     [15;1H~                                                                                     [16;1H~                                                                                     [17;1H~                                                                                     [18;1H~                                                                                     [19;1H~                                                                                     [20;1H~                                                                                     [21;1H~                                                                                     [22;1H~                                                                                     [23;1H~                                                                                     [m[24;69H0,0-1[9CAll[1;1H[?12l[?25h[27m[m[H[2J[?25l[2;1H[94m~                                                                                     [3;1H~                                                                                     [4;1H~                                                                                     [5;1H~                                                                                     [6;1H~                                                                                     [7;1H~                                                                                     [8;1H~                                                                                     [9;1H~                                                                                     [10;1H~                                                                                     [11;1H~                                                                                     [12;1H~                                                                                     [13;1H~                                                                                     [14;1H~                                                                                     [15;1H~                                                                                     [16;1H~                                                                                     [17;1H~                                                                                     [18;1H~                                                                                     [19;1H~                                                                                     [20;1H~                                                                                     [21;1H~                                                                                     [22;1H~                                                                                     [23;1H~                                                                                     [m[24;69H0,0-1[9CAll".gdbinit" 0L, 0C[1;1H[?12l[?25h[?25l[24;1H[1m-- INSERT --[m[24;13H[K[24;69H0,1[11CAll[1;1Himple break main break sqrt info registers[24;69H1,44[1;44H[?12l[?25h[?25l[24;72H3[1;43H[?12l[?25h[?25l[24;72H2[1;42H[?12l[?25h[?25l[24;72H1[1;41H[?12l[?25h[?25l[24;72H0[1;40H[?12l[?25h[?25l[24;71H39[1;39H[?12l[?25h[?25l[24;72H8[1;38H[?12l[?25h[?25l[24;72H7[1;37H[?12l[?25h[?25l[24;72H6[1;36H[?12l[?25h[?25l[24;72H5[1;35H[?12l[?25h[?25l[24;72H4[1;34H[?12l[?25h[?25l[24;72H3[1;33H[?12l[?25h[?25l[24;72H2[1;32H[?12l[?25h[?25l[24;72H1[1;31H[?12l[?25h[?25l[24;72H0[1;30H[?12l[?25h[?25l[24;71H29[1;29H[?12l[?25h[?25l[24;72H8[1;28H[?12l[?25h[?25l[24;72H7[1;27H[?12l[?25h[?25l[24;72H6[1;26H[?12l[?25h[?25l[24;72H5[1;25H[?12l[?25h[?25l[24;72H4[1;24H[?12l[?25h[?25l[24;72H3[1;23H[?12l[?25h[?25l[24;72H2[1;22H[?12l[?25h[?25l[24;72H1[1;21H[?12l[?25h[?25l[24;72H0[1;20H[?12l[?25h[?25l[24;71H19[1;19H[?12l[?25h[?25l[24;72H8[1;18H[?12l[?25h[?25l[24;72H7[1;17H[?12l[?25h[?25l[24;72H6[1;16H[?12l[?25h[?25l[24;72H5[1;15H[?12l[?25h[?25l[24;72H4[1;14H[?12l[?25h[?25l[24;72H3[1;13H[?12l[?25h[?25l[24;72H2[1;12H[?12l[?25h[?25l[24;72H1[1;11H[?12l[?25h[?25l[24;72H0[1;10H[?12l[?25h[?25l[24;71H9 [1;9H[?12l[?25h[?25l[24;71H8[1;8H[?12l[?25h[?25l[24;71H7[1;7H[?12l[?25h[?25l[24;71H6[1;6H[?12l[?25h[?25l[24;71H5[1;5H[?12l[?25h[?25l[24;71H4[1;4H[?12l[?25h[?25l[24;71H3[1;3H[?12l[?25h[?25l[24;71H2[1;2H[?12l[?25h[?25l[24;71H1[1;1H[?12l[?25h[?25lfimple break main break sqrt info registers[24;71H2[1;2H[?12l[?25h[?25liimple break main break sqrt info registers[24;71H3[1;3H[?12l[?25h[?25llimple break main break sqrt info registers[24;71H4[1;4H[?12l[?25h[?25leimple break main break sqrt info registers[24;71H5[1;5H[?12l[?25h[?25l[93mfile[m imple break main break sqrt info registers[24;71H6[1;6H[?12l[?25h[?25lsimple break main break sqrt info registers[24;71H7[1;7H[?12l[?25h[?25l[24;71H8[1;8H[?12l[?25h[?25l[24;71H9[1;9H[?12l[?25h[?25l[24;71H10[1;10H[?12l[?25h[?25l[24;72H1[1;11H[?12l[?25h[?25l[24;72H2[1;12H[?12l[?25h[?25l[24;72H3[1;13H[?12l[?25h[?25l[1;13H[K[2;1H[93mbreak[m main break sqrt info registers [2;38H[K[24;69H2,1 [2;1H[?12l[?25h[?25l[24;71H2[2;2H[?12l[?25h[?25l[24;71H3[2;3H[?12l[?25h[?25l[24;71H4[2;4H[?12l[?25h[?25l[24;71H5[2;5H[?12l[?25h[?25l[24;71H6[2;6H[?12l[?25h[?25l[24;71H7[2;7H[?12l[?25h[?25l[24;71H8[2;8H[?12l[?25h[?25l[24;71H9[2;9H[?12l[?25h[?25l[24;71H10[2;10H[?12l[?25h[?25l[24;72H1[2;11H[?12l[?25h[?25l[24;72H2[2;12H[?12l[?25h[?25l[2;12H[K[3;1H[93mbreak[m sqrt info registers [3;27H[K[24;69H3,1 [3;1H[?12l[?25h[?25l[24;71H2[3;2H[?12l[?25h[?25l[24;71H3[3;3H[?12l[?25h[?25l[24;71H4[3;4H[?12l[?25h[?25l[24;71H5[3;5H[?12l[?25h[?25l[24;71H6[3;6H[?12l[?25h[?25l[24;71H9[3;9H[?12l[?25h[?25l[24;71H10[3;10H[?12l[?25h[?25l[24;72H1[3;11H[?12l[?25h[?25l[24;72H2[3;12H[?12l[?25h[?25l[3;12H[K[4;1H[93minfo[m [38;5;121mregisters[m [4;16H[K[24;69H4,1 [4;1H[?12l[?25h[?25l:info registers[24;71H2[4;2H[?12l[?25h[?25l[93minfo[m [38;5;121mregisters[m [24;71H1[4;1H[?12l[?25h[24;1H[K[4;1H[?25l[24;69H4,1[11CAll[4;1H[?12l[?25h[?25l[24;69H[K[24;1H:[?12l[?25hw[?25l[?12l[?25h[?25l".gdbinit" 4L, 53C written[42C4,1[11CAll[24;69H[K[24;69H4,1[11CAll[4;1H[?12l[?25h[?25l[24;1H[K[24;1H:[?12l[?25hq[?25l[?12l[?25h[?25l[24;1H[K[24;1H[?1l>[?12l[?25h[?1049lbash-4.2$ gdb simple
[?1034hGNU gdb (GDB) Red Hat Enterprise Linux 7.6.1-120.el7
Copyright (C) 2013 Free Software Foundation, Inc.
License GPLv3+: GNU GPL version 3 or later <http://gnu.org/licenses/gpl.html>
This is free software: you are free to change and redistribute it.
There is NO WARRANTY, to the extent permitted by law.  Type "show copying"
and "show warranty" for details.
This GDB was configured as "x86_64-redhat-linux-gnu".
For bug reporting instructions, please see:
<http://www.gnu.org/software/gdb/bugs/>...
Reading symbols from /home/u1/mzs0104/project1/simple...done.
warning: File "/home/u1/mzs0104/project1/.gdbinit" auto-loading has been declined by your `auto-load safe-path' set to "$debugdir:$datadir/auto-load:/usr/bin/mono-gdb.py".
To enable execution of this file add
	add-auto-load-safe-path /home/u1/mzs0104/project1/.gdbinit
line to your configuration file "/home/u1/mzs0104/.gdbinit".
To completely disable this security protection add
	set auto-load safe-path /
line to your configuration file "/home/u1/mzs0104/.gdbinit".
For more information about this security protection see the
"Auto-loading safe path" section in the GDB manual.  E.g., run from the shell:
	info "(gdb)Auto-loading safe path"
(gdb) r
Starting program: /home/u1/mzs0104/project1/simple 
Sum of given numay is 55[Inferior 1 (process 11672) exited normally]
Missing separate debuginfos, use: debuginfo-install glibc-2.17-317.el7.x86_64
(gdb) n
The program is not being run.
(gdb) s[K./simple
Undefined command: "".  Try "help".
(gdb) exit
Undefined command: "exit".  Try "help".
(gdb) q
bash-4.2$ ./simple
Sum of given numay is 55bash-4.2$ gdb
[?1034hGNU gdb (GDB) Red Hat Enterprise Linux 7.6.1-120.el7
Copyright (C) 2013 Free Software Foundation, Inc.
License GPLv3+: GNU GPL version 3 or later <http://gnu.org/licenses/gpl.html>
This is free software: you are free to change and redistribute it.
There is NO WARRANTY, to the extent permitted by law.  Type "show copying"
and "show warranty" for details.
This GDB was configured as "x86_64-redhat-linux-gnu".
For bug reporting instructions, please see:
<http://www.gnu.org/software/gdb/bugs/>.
warning: File "/home/u1/mzs0104/project1/.gdbinit" auto-loading has been declined by your `auto-load safe-path' set to "$debugdir:$datadir/auto-load:/usr/bin/mono-gdb.py".
To enable execution of this file add
	add-auto-load-safe-path /home/u1/mzs0104/project1/.gdbinit
line to your configuration file "/home/u1/mzs0104/.gdbinit".
To completely disable this security protection add
	set auto-load safe-path /
line to your configuration file "/home/u1/mzs0104/.gdbinit".
For more information about this security protection see the
"Auto-loading safe path" section in the GDB manual.  E.g., run from the shell:
	info "(gdb)Auto-loading safe path"
(gdb) r
Starting program:  
No executable file specified.
Use the "file" or "exec-file" command.
(gdb) n
The program is not being run.
(gdb) s
The program is not being run.
(gdb) c
The program is not being run.
(gdb) e[Kq
bash-4.2$ exit
exit

Script done on Wed 20 Jan 2021 03:04:12 PM CST
